// Jest Snapshot v1, https://goo.gl/fbAQLP

exports[`<Toolbar /> should match snapshot 1`] = `
<div>
  <div
    class="sc-AxhCb kCcHTH"
  >
    <div
      class="sc-AxiKw dYKNzP"
    >
      <button
        class="sc-AxirZ sc-AxhUy fTNyKW"
      >
        Today
      </button>
      <button
        class="sc-AxirZ sc-AxhUy fTNyKW"
      >
        Back
      </button>
      <button
        class="sc-AxirZ sc-AxhUy fTNyKW"
      >
        Next
      </button>
    </div>
    <span
      class="sc-AxgMl gESrrq"
    >
      <b>
        July
      </b>
       
      2020
    </span>
    <div
      class="sc-AxiKw dYKNzP"
    >
      <button
        class="sc-AxirZ sc-AxhUy fTNyKW"
      >
        Day
      </button>
      <button
        class="sc-AxirZ sc-AxhUy fTNyKW"
      >
        Week
      </button>
      <button
        class="sc-AxirZ sc-AxhUy fTNyKW"
      >
        Month
      </button>
    </div>
  </div>
</div>
`;
